// Jest Snapshot v1, https://goo.gl/fbAQLP

exports[`Empty should render a snapshot 1`] = `
<div
  class="flex flex-col items-center justify-center gap-4"
>
  <img
    alt="A gamer in a couch playng videogame"
    data-nimg="1"
    decoding="async"
    fetchpriority="high"
    height="300"
    src="/img/empty.svg"
    style="color: transparent;"
    width="300"
  />
  <h2
    class="text-2xl md:text-3xl font-semibold text-primary"
  >
    A simple title
  </h2>
  <p
    class="text-center text-lg font-light text-white"
  >
    Wanna play?
  </p>
</div>
`;
