// Jest Snapshot v1, https://goo.gl/fbAQLP

exports[`Footer should render a footer snapshot 1`] = `
<footer
  class="bg-footer"
>
  <div
    class="mx-auto max-w-7xl px-4"
  >
    <div
      class="text-black w-28 h-8"
    >
      <svg
        aria-label="Won Games"
        fill="none"
        role="img"
        viewBox="0 0 158 48"
        xmlns="http://www.w3.org/2000/svg"
      >
        <path
          d="M.055 15.227.019 35.872c-.008 4.796 5.336 7.663 9.327 5.004l20.596-13.722L50.49 40.947c3.982 2.672 9.335-.176 9.344-4.972l.034-19.997c.014-7.882-7.549-13.565-15.116-11.361l-.873.254a50.875 50.875 0 0 1-29.358-.27C7.351 2.366.068 7.716.055 15.226Z"
          fill="url(#won-games-logo)"
        />
        <path
          d="m30.163 27.16-6.033-4.292a.5.5 0 0 0-.782.494l1.293 7.298 5.523-3.5Z"
          fill="#110F28"
          fill-opacity=".15"
        />
        <path
          d="M7.592 7.103c-5.11 2.755-4.519 5-4.519 7.5M57.274 26.103v1M3.052 18.103v2M57.274 30.103v5"
          stroke="#fff"
          stroke-linecap="round"
          stroke-opacity=".4"
          stroke-width="1.5"
        />
        <path
          d="M13.053 15.103v6M10.04 18.103h6.025"
          stroke="#0A0D27"
          stroke-linecap="round"
          stroke-width="2"
        />
        <ellipse
          cx="1.506"
          cy="1.5"
          fill="#0A0D27"
          rx="1.506"
          ry="1.5"
          transform="matrix(1 0 0 1 43.217 12.16)"
        />
        <ellipse
          cx="1.506"
          cy="1.5"
          fill="#0A0D27"
          rx="1.506"
          ry="1.5"
          transform="matrix(1 0 0 1 48.237 16.103)"
        />
        <ellipse
          cx="1.506"
          cy="1.5"
          fill="#0A0D27"
          rx="1.506"
          ry="1.5"
          transform="matrix(1 0 0 1 43.217 20.103)"
        />
        <ellipse
          cx="1.506"
          cy="1.5"
          fill="#0A0D27"
          rx="1.506"
          ry="1.5"
          transform="matrix(1 0 0 1 38.196 16.103)"
        />
        <path
          d="M79.263 12.633h-.06c-.68.1-1.2.44-1.56 1.02-.22.38-.33.78-.33 1.2 0 .1.01.2.03.3v.03l1.38 9.33c.08.54.34.99.78 1.35a2.27 2.27 0 0 0 1.77.45c.66-.1 1.17-.42 1.53-.96.26-.36.39-.77.39-1.23 0-.08-.01-.17-.03-.27l-1.38-9.33c-.08-.56-.34-1.03-.78-1.41-.42-.34-.9-.51-1.44-.51-.1 0-.2.01-.3.03Zm18.78-.03c-.54 0-1.02.18-1.44.54-.44.36-.7.82-.78 1.38l-1.41 9.51c-.02.08-.03.15-.03.21 0 .52.17.98.51 1.38.36.46.84.73 1.44.81.1.02.21.03.33.03.66 0 1.21-.24 1.65-.72.3-.32.49-.7.57-1.14v-.06l1.38-9.36v-.03c.02-.1.03-.2.03-.3 0-.42-.12-.82-.36-1.2-.36-.58-.87-.92-1.53-1.02h-.06c-.1-.02-.2-.03-.3-.03Zm-9.24 8.04h-.06c-.08 0-.16.01-.24.03-.36.04-.69.16-.99.36-.16.1-.3.22-.42.36-.08.08-.21.22-.39.42l-2.19 2.7c-.18.2-.42.48-.72.84-.28.34-.51.59-.69.75-.38.34-.75.58-1.11.72-.2.08-.41.14-.63.18-.14.02-.29.03-.45.03-.38 0-.74-.07-1.08-.21-.32-.12-.6-.29-.84-.51l.75 5.13v.06c.02.04.03.09.03.15.04.18.09.35.15.51.14.3.35.56.63.78.18.16.38.28.6.36.24.08.49.12.75.12h.09c.16 0 .3-.01.42-.03.46-.1.85-.32 1.17-.66l.3-.3 4.89-6.03 4.74 5.82c.24.28.39.45.45.51.38.38.83.61 1.35.69h.33c.28 0 .55-.05.81-.15.42-.18.77-.46 1.05-.84.18-.28.3-.59.36-.93v-.06l.75-5.01c-.34.3-.73.5-1.17.6-.26.08-.52.12-.78.12a2.903 2.903 0 0 1-1.26-.27c-.26-.12-.59-.37-.99-.75-.26-.26-.59-.65-.99-1.17l-2.52-3.06c-.14-.18-.28-.34-.42-.48-.2-.2-.39-.35-.57-.45-.3-.2-.64-.31-1.02-.33h-.09Zm19.806.3c.28-.26.6-.46.96-.6.34-.14.69-.21 1.05-.21.46 0 .9.11 1.32.33.48.24.87.58 1.17 1.02a5.912 5.912 0 0 1 2.13-3.15 5.73 5.73 0 0 1 3.6-1.23c1.66 0 3.07.59 4.23 1.77 1.16 1.16 1.74 2.57 1.74 4.23 0 1.66-.58 3.08-1.74 4.26-1.16 1.16-2.57 1.74-4.23 1.74-1.34 0-2.55-.4-3.63-1.2a5.913 5.913 0 0 1-2.13-3.18c-.22.34-.5.63-.84.87-.5.3-1.04.45-1.62.45-.42 0-.83-.08-1.23-.24-.3-.14-.56-.32-.78-.54.5 2.42 1.71 4.42 3.63 6 1.92 1.56 4.12 2.34 6.6 2.34 1.9 0 3.65-.47 5.25-1.41 1.62-.94 2.89-2.21 3.81-3.81.94-1.62 1.41-3.38 1.41-5.28 0-1.9-.47-3.65-1.41-5.25-.92-1.62-2.19-2.9-3.81-3.84-1.6-.94-3.35-1.41-5.25-1.41-2.46 0-4.65.79-6.57 2.37-1.92 1.56-3.14 3.55-3.66 5.97Zm2.01-.09c-.66 0-1.21.24-1.65.72-.24.24-.41.53-.51.87-.06.22-.09.45-.09.69 0 .22.03.43.09.63.08.28.21.53.39.75.44.56 1.03.84 1.77.84.72 0 1.3-.27 1.74-.81.22-.26.37-.54.45-.84.04-.2.06-.4.06-.6 0-.18-.02-.35-.06-.51-.08-.38-.24-.71-.48-.99a2.23 2.23 0 0 0-1.71-.75Zm29.649-8.25c-.6 0-1.12.21-1.56.63-.46.44-.69.98-.69 1.62v6.15c.24-.28.53-.5.87-.66.42-.2.87-.3 1.35-.3h.06c.46 0 .9.1 1.32.3a2.909 2.909 0 0 1 1.05.84l9.81 11.55c.44.58 1.03.87 1.77.87.66 0 1.22-.25 1.68-.75.38-.42.57-.92.57-1.5v-6.12c-.26.26-.56.47-.9.63-.42.2-.87.3-1.35.3-.56 0-1.08-.13-1.56-.39-.34-.2-.63-.45-.87-.75l-9.87-11.67c-.22-.24-.48-.43-.78-.57a2.26 2.26 0 0 0-.9-.18Zm13.98 0c-.62 0-1.14.21-1.56.63-.46.44-.69.98-.69 1.62v8.7c0 .42.14.8.42 1.14.44.56 1.05.84 1.83.84.54 0 1.02-.15 1.44-.45.52-.4.79-.91.81-1.53v-8.7c-.02-.7-.29-1.27-.81-1.71-.42-.36-.9-.54-1.44-.54Zm-14.01 8.07c-.6 0-1.11.19-1.53.57-.44.4-.67.88-.69 1.44v8.67c0 .5.15.95.45 1.35.46.6 1.06.9 1.8.9.64 0 1.18-.23 1.62-.69.42-.42.63-.94.63-1.56v-8.67c-.02-.8-.41-1.39-1.17-1.77-.32-.16-.67-.24-1.05-.24h-.06Z"
          fill="currentColor"
        />
        <defs>
          <lineargradient
            gradientUnits="userSpaceOnUse"
            id="won-games-logo"
            x1="29.159"
            x2="30.155"
            y1="-7.397"
            y2="49.103"
          >
            <stop
              stop-color="#FF5F5F"
            />
            <stop
              offset="1"
              stop-color="#F062C0"
            />
            <stop
              offset="1"
              stop-color="#F23131"
            />
          </lineargradient>
        </defs>
      </svg>
    </div>
    <div
      class="my-8 grid grid-cols-2 gap-8 md:grid-cols-4"
    >
      <div>
        <h3
          class="text-xl md:text-2xl text-black font-semibold relative after:border-b-4 after:border-b-secondary after:absolute after:left-0 after:-bottom-1 after:w-[5%] mb-8 uppercase"
        >
          Contact
        </h3>
        <a
          class="mb-2 block text-sm text-gray hover:underline"
          href="mailto:sac@wongames.com"
        >
          sac@wongames.com
        </a>
      </div>
      <div
        aria-label="social-media"
      >
        <h3
          class="text-xl md:text-2xl text-black font-semibold relative after:border-b-4 after:border-b-secondary after:absolute after:left-0 after:-bottom-1 after:w-[5%] mb-8 uppercase"
        >
          Follow us
        </h3>
        <nav>
          <a
            class="mb-2 block text-sm text-gray hover:underline"
            href="https://www.instagram.com/won-games"
            rel="noopenner, noreferrer"
            target="_blank"
          >
            Instagram
          </a>
          <a
            class="mb-2 block text-sm text-gray hover:underline"
            href="https://www.x.com/won-games"
            rel="noopenner, noreferrer"
            target="_blank"
          >
            X
          </a>
          <a
            class="mb-2 block text-sm text-gray hover:underline"
            href="https://www.youtube.com/won-games"
            rel="noopenner, noreferrer"
            target="_blank"
          >
            Youtube
          </a>
          <a
            class="mb-2 block text-sm text-gray hover:underline"
            href="https://www.facebook.com/won-games"
            rel="noopenner, noreferrer"
            target="_blank"
          >
            Facebook
          </a>
        </nav>
      </div>
      <div
        aria-labelledby="resources"
      >
        <h3
          class="text-xl md:text-2xl text-black font-semibold relative after:border-b-4 after:border-b-secondary after:absolute after:left-0 after:-bottom-1 after:w-[5%] mb-8 uppercase"
        >
          Links
        </h3>
        <nav>
          <a
            class="mb-2 block text-sm text-gray hover:underline"
            href="/"
          >
            Home
          </a>
          <a
            class="mb-2 block text-sm text-gray hover:underline"
            href="/games"
          >
            Store
          </a>
          <a
            class="mb-2 block text-sm text-gray hover:underline"
            href="/search"
          >
            Search
          </a>
        </nav>
      </div>
      <div
        aria-label="contact"
      >
        <h3
          class="text-xl md:text-2xl text-black font-semibold relative after:border-b-4 after:border-b-secondary after:absolute after:left-0 after:-bottom-1 after:w-[5%] mb-8 uppercase"
        >
          Location
        </h3>
        <span
          class="mb-2 block text-sm text-gray"
        >
          Lorem ipsum dolor sit.
        </span>
        <span
          class="mb-2 block text-sm text-gray"
        >
          Lorem Ipsum
        </span>
        <span
          class="mb-2 block text-sm text-gray"
        >
          Lorem, ipsum dolor.
        </span>
      </div>
    </div>
    <div
      class="font-xs mb-8 mt-12 text-center text-gray"
    >
      Won Games 
      2024
       Â© All rights reserved.
    </div>
  </div>
</footer>
`;
