// Jest Snapshot v1, https://goo.gl/fbAQLP

exports[`Separator should render a snapshot 1`] = `
<div
  class="mx-auto max-w-7xl px-4 py-8"
>
  <hr
    class="mt-2 text-white/20"
  />
</div>
`;
